// Jest Snapshot v1, https://goo.gl/fbAQLP

exports[`StringPredicate camelCase() errors if in kebab case 1`] = `"Invalid field \\"key\\". String must be in camel case. (pattern \\"^[a-z][a-zA-Z0-9]+$\\")"`;

exports[`StringPredicate camelCase() errors if in pascal case 1`] = `"Invalid field \\"key\\". String must be in camel case. (pattern \\"^[a-z][a-zA-Z0-9]+$\\")"`;

exports[`StringPredicate camelCase() errors if in snake case 1`] = `"Invalid field \\"key\\". String must be in camel case. (pattern \\"^[a-z][a-zA-Z0-9]+$\\")"`;

exports[`StringPredicate camelCase() errors if less than 2 characters 1`] = `"Invalid field \\"key\\". String must be in camel case. (pattern \\"^[a-z][a-zA-Z0-9]+$\\")"`;

exports[`StringPredicate camelCase() errors if starts with a number 1`] = `"Invalid field \\"key\\". String must be in camel case. (pattern \\"^[a-z][a-zA-Z0-9]+$\\")"`;

exports[`StringPredicate contains() errors if token is an empty string 1`] = `"Contains requires a non-empty token."`;

exports[`StringPredicate contains() errors if token is not string 1`] = `"Contains requires a non-empty token."`;

exports[`StringPredicate contains() errors if value does not contain token 1`] = `"Invalid field \\"key\\". String does not include \\"oo\\"."`;

exports[`StringPredicate contains() errors if value matches default value and predicate is required 1`] = `"Invalid field \\"key\\". String does not include \\"oo\\"."`;

exports[`StringPredicate kebabCase() errors if in camel case 1`] = `"Invalid field \\"key\\". String must be in kebab case. (pattern \\"^[a-z][a-z0-9-]+$\\")"`;

exports[`StringPredicate kebabCase() errors if in pascal case 1`] = `"Invalid field \\"key\\". String must be in kebab case. (pattern \\"^[a-z][a-z0-9-]+$\\")"`;

exports[`StringPredicate kebabCase() errors if in snake case 1`] = `"Invalid field \\"key\\". String must be in kebab case. (pattern \\"^[a-z][a-z0-9-]+$\\")"`;

exports[`StringPredicate kebabCase() errors if less than 2 characters 1`] = `"Invalid field \\"key\\". String must be in kebab case. (pattern \\"^[a-z][a-z0-9-]+$\\")"`;

exports[`StringPredicate kebabCase() errors if starts with a number 1`] = `"Invalid field \\"key\\". String must be in kebab case. (pattern \\"^[a-z][a-z0-9-]+$\\")"`;

exports[`StringPredicate lowerCase() errors if value is not lower case 1`] = `"Invalid field \\"key\\". String must be lower cased."`;

exports[`StringPredicate match() errors if pattern is not a regex 1`] = `"Match requires a regular expression to match against."`;

exports[`StringPredicate match() errors if value does not match pattern 1`] = `"Invalid field \\"key\\". String does not match. (pattern \\"oo\\")"`;

exports[`StringPredicate match() errors if value matches default value and predicate is required 1`] = `"Invalid field \\"key\\". String does not match. (pattern \\"oo\\")"`;

exports[`StringPredicate notEmpty() errors if value is empty 1`] = `"Invalid field \\"key\\". String cannot be empty."`;

exports[`StringPredicate oneOf() errors if array contains a non-string 1`] = `"One of requires a non-empty array of strings."`;

exports[`StringPredicate oneOf() errors if array is empty 1`] = `"One of requires a non-empty array of strings."`;

exports[`StringPredicate oneOf() errors if not an array 1`] = `"One of requires a non-empty array of strings."`;

exports[`StringPredicate oneOf() errors if value is not in the list 1`] = `"Invalid field \\"key\\". String must be one of: foo, bar, baz"`;

exports[`StringPredicate pascalCase() errors if in camel case 1`] = `"Invalid field \\"key\\". String must be in pascal case. (pattern \\"^[A-Z][a-zA-Z0-9]+$\\")"`;

exports[`StringPredicate pascalCase() errors if in kebab case 1`] = `"Invalid field \\"key\\". String must be in pascal case. (pattern \\"^[A-Z][a-zA-Z0-9]+$\\")"`;

exports[`StringPredicate pascalCase() errors if in snake case 1`] = `"Invalid field \\"key\\". String must be in pascal case. (pattern \\"^[A-Z][a-zA-Z0-9]+$\\")"`;

exports[`StringPredicate pascalCase() errors if less than 2 characters 1`] = `"Invalid field \\"key\\". String must be in pascal case. (pattern \\"^[A-Z][a-zA-Z0-9]+$\\")"`;

exports[`StringPredicate pascalCase() errors if starts with a number 1`] = `"Invalid field \\"key\\". String must be in pascal case. (pattern \\"^[A-Z][a-zA-Z0-9]+$\\")"`;

exports[`StringPredicate run() errors if a non-string value is used 1`] = `"Invalid field \\"key\\". Must be a string, received 123."`;

exports[`StringPredicate sizeOf() errors if length doesnt match 1`] = `"Invalid field \\"key\\". String length must be 3."`;

exports[`StringPredicate snakeCase() errors if in camel case 1`] = `"Invalid field \\"key\\". String must be in snake case. (pattern \\"^[a-z][a-z0-9_]+$\\")"`;

exports[`StringPredicate snakeCase() errors if in kebab case 1`] = `"Invalid field \\"key\\". String must be in snake case. (pattern \\"^[a-z][a-z0-9_]+$\\")"`;

exports[`StringPredicate snakeCase() errors if in pascal case 1`] = `"Invalid field \\"key\\". String must be in snake case. (pattern \\"^[a-z][a-z0-9_]+$\\")"`;

exports[`StringPredicate snakeCase() errors if less than 2 characters 1`] = `"Invalid field \\"key\\". String must be in snake case. (pattern \\"^[a-z][a-z0-9_]+$\\")"`;

exports[`StringPredicate snakeCase() errors if starts with a number 1`] = `"Invalid field \\"key\\". String must be in snake case. (pattern \\"^[a-z][a-z0-9_]+$\\")"`;

exports[`StringPredicate upperCase() errors if value is not upper case 1`] = `"Invalid field \\"key\\". String must be upper cased."`;
