// Jest Snapshot v1, https://goo.gl/fbAQLP

exports[`array() checkNotEmpty() errors if value is empty 1`] = `"Invalid field \\"key\\". Array cannot be empty."`;

exports[`array() constructor() errors if a non-builder is passed 1`] = `"A blueprint is required for array contents."`;

exports[`array() runChecks() checks each item in the array 1`] = `"Invalid field \\"key[3]\\". Must be a string."`;

exports[`array() runChecks() errors correctly for arrays in arrays 1`] = `"Invalid field \\"key[1][1]\\". Must be a string."`;

exports[`array() runChecks() errors if a non-array is passed 1`] = `"Invalid field \\"key\\". Must be an array."`;

exports[`array() runChecks() errors if a non-array is passed, when not using a builder 1`] = `"Invalid field \\"key\\". Must be an array."`;

exports[`array() runChecks() errors if an array item is invalid; persists path with index 1`] = `"Invalid field \\"key[0]\\". Must be a string."`;

exports[`object() checkNotEmpty() errors if value is empty 1`] = `"Invalid field \\"key\\". Object cannot be empty."`;

exports[`object() constructor() errors if a non-builder is passed 1`] = `"A blueprint is required for object contents."`;

exports[`object() runChecks() checks each item in the object 1`] = `"Invalid field \\"key.c\\". Must be a string."`;

exports[`object() runChecks() errors correctly for objects in objects 1`] = `"Invalid field \\"key.a.bar\\". Must be a string."`;

exports[`object() runChecks() errors if a non-object is passed 1`] = `"Invalid field \\"key\\". Must be a plain object."`;

exports[`object() runChecks() errors if a non-object is passed, when not using a builder 1`] = `"Invalid field \\"key\\". Must be a plain object."`;

exports[`object() runChecks() errors if an object item is invalid; persists path with index 1`] = `"Invalid field \\"key.foo\\". Must be a string."`;
