// Jest Snapshot v1, https://goo.gl/fbAQLP

exports[`ObjectBuilder checkNotEmpty() errors if value is empty 1`] = `"Invalid field \\"key\\". Object cannot be empty."`;

exports[`ObjectBuilder constructor() errors if a non-builder is passed 1`] = `"A blueprint is required for object contents."`;

exports[`ObjectBuilder runChecks() checks each item in the object 1`] = `"Invalid field \\"key.c\\". Must be a string."`;

exports[`ObjectBuilder runChecks() errors correctly for objects in objects 1`] = `"Invalid field \\"key.a.bar\\". Must be a string."`;

exports[`ObjectBuilder runChecks() errors if a non-object is passed 1`] = `"Invalid field \\"key\\". Must be a plain object."`;

exports[`ObjectBuilder runChecks() errors if a non-object is passed, when not using a builder 1`] = `"Invalid field \\"key\\". Must be a plain object."`;

exports[`ObjectBuilder runChecks() errors if an object item is invalid; persists path with index 1`] = `"Invalid field \\"key.foo\\". Must be a string."`;
